FOREMAN RECOVERY  head=  at=<TS>
last session: (none — this is the first)

FACTS (11) — durable, true by construction
  [11] main is merged and pushed at f6d577d (~90 commits); integrate/v029-w1 and main are level
       evidence: origin/main=f6d577d
  [10] Session store and ontology overlap on Claim/Measurement/Finding/Supersession; boundary settled as SQLite=write path, TerminusDB=read-optimised projection, one direction only
       evidence: docs/design/session-store-ontology-links.md
  [9] agy (Antigravity) is a worker vendor: --print must be LAST or it eats the next flag as the prompt
       evidence: commit 7ba9316; lib/worker-cmd.sh
  [8] grok lanes succeed only with literal current code pasted into the spec; task descriptions empty-burst (6 failures vs 6 successes)
       evidence: AGENT_TRAPS.md section 7
  [7] The formal flake was an unseeded search at a zero-margin bound, not model weakening; fixed by raising 2000x40 to 20000x40
       evidence: formal/expectations.tsv row 23; hit rate 118/130 at old bound
  [6] three-outcome-verdicts landed dispatches 1-2 of 5 (UNVERIFIED outcome); lane was terminated at 6h
       evidence: commit 61bc95b
  [5] round-ownership-default enforces owned dispatch; it refused an architect unowned lane in production
       evidence: commit b080687
  [4] wsl-preflight: clock preflight now runs before the first timestamped event; it was wired into nothing for three releases
       evidence: commit f138bf2
  [3] vendor-preflight: vendor_authed binds to probe content, not exit status; base reported not_authenticated, fixed reports ok
       evidence: commit ad2366f
  [2] Remote CI is unavailable (out of GitHub Actions credits); tools/ci-local.sh is the sole verification authority
       evidence: tools/ci-local.sh, 6 gates
  [1] The 41-file bats suite completed for the first time and passes on the merged tree
       evidence: commit d44461e; log /root/fm-logs/merged-0730.log

MEASUREMENTS — fresh=0 STALE=0 unknown=0

OBLIGATIONS — open=0 blocked=0

LAUNCH POINT: no measurement is recorded, so nothing here is measured. Measure before you quote a number. Then work the open obligations above.
