An example execution:

[State 0]
{
  toctou::locking::s:
    {
      acquiredAfterSpin: false,
      attemptCompleted: Set(),
      attemptDisk: 0,
      attemptHolders: Set(),
      attemptLocal: Map(0 -> 0, 1 -> 0),
      attemptLockExists: false,
      attemptRetries: Map(0 -> 0, 1 -> 0),
      attemptTmpPresent: false,
      attemptTmpValue: 0,
      attemptTmpWriter: -1,
      compactSnapshot: Map(0 -> Set(), 1 -> Set()),
      eventLog: Set(),
      everAppended: Set(),
      gateRunning: 0,
      indexCommitted: Set(),
      indexDisk: Set(),
      indexHolders: Set(),
      indexLocal: Map(0 -> Set(), 1 -> Set()),
      indexLockExists: false,
      indexOwnsLock: Map(0 -> false, 1 -> false),
      indexRetries: Map(0 -> 0, 1 -> 0),
      natsLockExists: false,
      natsMemToken: Map(0 -> -1, 1 -> -1),
      natsOwnerDisk: -1,
      natsReleaseDenied: Set(),
      natsTakers: Set(),
      natsTrueHolder: -1,
      natsUnauthorizedReleases: Set(),
      natsWaited: Map(0 -> false, 1 -> false),
      phase: Map(0 -> Idle, 1 -> Idle),
      renameFailures: Set(),
      seqDisk: 0,
      seqHolders: Set(),
      seqLocal: Map(0 -> 0, 1 -> 0),
      seqLockExists: false,
      seqRetries: Map(0 -> 0, 1 -> 0),
      seqTmpPresent: false,
      seqTmpValue: 0,
      seqTmpWriter: -1,
      vendorRunning: Map(0 -> 0, 1 -> 0, 2 -> 0, 3 -> 0)
    }
}

[State 1]
{
  toctou::locking::s:
    {
      acquiredAfterSpin: false,
      attemptCompleted: Set(),
      attemptDisk: 0,
      attemptHolders: Set(),
      attemptLocal: Map(0 -> 0, 1 -> 0),
      attemptLockExists: false,
      attemptRetries: Map(0 -> 0, 1 -> 0),
      attemptTmpPresent: false,
      attemptTmpValue: 0,
      attemptTmpWriter: -1,
      compactSnapshot: Map(0 -> Set(), 1 -> Set()),
      eventLog: Set(),
      everAppended: Set(),
      gateRunning: 0,
      indexCommitted: Set(),
      indexDisk: Set(),
      indexHolders: Set(),
      indexLocal: Map(0 -> Set(), 1 -> Set()),
      indexLockExists: false,
      indexOwnsLock: Map(0 -> false, 1 -> false),
      indexRetries: Map(0 -> 0, 1 -> 0),
      natsLockExists: false,
      natsMemToken: Map(0 -> -1, 1 -> -1),
      natsOwnerDisk: -1,
      natsReleaseDenied: Set(),
      natsTakers: Set(),
      natsTrueHolder: -1,
      natsUnauthorizedReleases: Set(),
      natsWaited: Map(0 -> false, 1 -> false),
      phase: Map(0 -> WantSeq, 1 -> Idle),
      renameFailures: Set(),
      seqDisk: 0,
      seqHolders: Set(),
      seqLocal: Map(0 -> 0, 1 -> 0),
      seqLockExists: false,
      seqRetries: Map(0 -> 0, 1 -> 0),
      seqTmpPresent: false,
      seqTmpValue: 0,
      seqTmpWriter: -1,
      vendorRunning: Map(0 -> 0, 1 -> 0, 2 -> 0, 3 -> 0)
    }
}

[State 2]
{
  toctou::locking::s:
    {
      acquiredAfterSpin: false,
      attemptCompleted: Set(),
      attemptDisk: 0,
      attemptHolders: Set(),
      attemptLocal: Map(0 -> 0, 1 -> 0),
      attemptLockExists: false,
      attemptRetries: Map(0 -> 0, 1 -> 0),
      attemptTmpPresent: false,
      attemptTmpValue: 0,
      attemptTmpWriter: -1,
      compactSnapshot: Map(0 -> Set(), 1 -> Set()),
      eventLog: Set(),
      everAppended: Set(),
      gateRunning: 0,
      indexCommitted: Set(),
      indexDisk: Set(),
      indexHolders: Set(),
      indexLocal: Map(0 -> Set(), 1 -> Set()),
      indexLockExists: false,
      indexOwnsLock: Map(0 -> false, 1 -> false),
      indexRetries: Map(0 -> 0, 1 -> 0),
      natsLockExists: false,
      natsMemToken: Map(0 -> -1, 1 -> -1),
      natsOwnerDisk: -1,
      natsReleaseDenied: Set(),
      natsTakers: Set(),
      natsTrueHolder: -1,
      natsUnauthorizedReleases: Set(),
      natsWaited: Map(0 -> false, 1 -> false),
      phase: Map(0 -> WantSeq, 1 -> WantSeq),
      renameFailures: Set(),
      seqDisk: 0,
      seqHolders: Set(),
      seqLocal: Map(0 -> 0, 1 -> 0),
      seqLockExists: false,
      seqRetries: Map(0 -> 0, 1 -> 0),
      seqTmpPresent: false,
      seqTmpValue: 0,
      seqTmpWriter: -1,
      vendorRunning: Map(0 -> 0, 1 -> 0, 2 -> 0, 3 -> 0)
    }
}

[State 3]
{
  toctou::locking::s:
    {
      acquiredAfterSpin: false,
      attemptCompleted: Set(),
      attemptDisk: 0,
      attemptHolders: Set(),
      attemptLocal: Map(0 -> 0, 1 -> 0),
      attemptLockExists: false,
      attemptRetries: Map(0 -> 0, 1 -> 0),
      attemptTmpPresent: false,
      attemptTmpValue: 0,
      attemptTmpWriter: -1,
      compactSnapshot: Map(0 -> Set(), 1 -> Set()),
      eventLog: Set(),
      everAppended: Set(),
      gateRunning: 0,
      indexCommitted: Set(),
      indexDisk: Set(),
      indexHolders: Set(),
      indexLocal: Map(0 -> Set(), 1 -> Set()),
      indexLockExists: false,
      indexOwnsLock: Map(0 -> false, 1 -> false),
      indexRetries: Map(0 -> 0, 1 -> 0),
      natsLockExists: false,
      natsMemToken: Map(0 -> -1, 1 -> -1),
      natsOwnerDisk: -1,
      natsReleaseDenied: Set(),
      natsTakers: Set(),
      natsTrueHolder: -1,
      natsUnauthorizedReleases: Set(),
      natsWaited: Map(0 -> false, 1 -> false),
      phase: Map(0 -> WantSeq, 1 -> CheckedSeq),
      renameFailures: Set(),
      seqDisk: 0,
      seqHolders: Set(),
      seqLocal: Map(0 -> 0, 1 -> 0),
      seqLockExists: false,
      seqRetries: Map(0 -> 0, 1 -> 0),
      seqTmpPresent: false,
      seqTmpValue: 0,
      seqTmpWriter: -1,
      vendorRunning: Map(0 -> 0, 1 -> 0, 2 -> 0, 3 -> 0)
    }
}

[State 4]
{
  toctou::locking::s:
    {
      acquiredAfterSpin: false,
      attemptCompleted: Set(),
      attemptDisk: 0,
      attemptHolders: Set(),
      attemptLocal: Map(0 -> 0, 1 -> 0),
      attemptLockExists: false,
      attemptRetries: Map(0 -> 0, 1 -> 0),
      attemptTmpPresent: false,
      attemptTmpValue: 0,
      attemptTmpWriter: -1,
      compactSnapshot: Map(0 -> Set(), 1 -> Set()),
      eventLog: Set(),
      everAppended: Set(),
      gateRunning: 0,
      indexCommitted: Set(),
      indexDisk: Set(),
      indexHolders: Set(),
      indexLocal: Map(0 -> Set(), 1 -> Set()),
      indexLockExists: false,
      indexOwnsLock: Map(0 -> false, 1 -> false),
      indexRetries: Map(0 -> 0, 1 -> 0),
      natsLockExists: false,
      natsMemToken: Map(0 -> -1, 1 -> -1),
      natsOwnerDisk: -1,
      natsReleaseDenied: Set(),
      natsTakers: Set(),
      natsTrueHolder: -1,
      natsUnauthorizedReleases: Set(),
      natsWaited: Map(0 -> false, 1 -> false),
      phase: Map(0 -> CheckedSeq, 1 -> CheckedSeq),
      renameFailures: Set(),
      seqDisk: 0,
      seqHolders: Set(),
      seqLocal: Map(0 -> 0, 1 -> 0),
      seqLockExists: false,
      seqRetries: Map(0 -> 0, 1 -> 0),
      seqTmpPresent: false,
      seqTmpValue: 0,
      seqTmpWriter: -1,
      vendorRunning: Map(0 -> 0, 1 -> 0, 2 -> 0, 3 -> 0)
    }
}

[State 5]
{
  toctou::locking::s:
    {
      acquiredAfterSpin: false,
      attemptCompleted: Set(),
      attemptDisk: 0,
      attemptHolders: Set(),
      attemptLocal: Map(0 -> 0, 1 -> 0),
      attemptLockExists: false,
      attemptRetries: Map(0 -> 0, 1 -> 0),
      attemptTmpPresent: false,
      attemptTmpValue: 0,
      attemptTmpWriter: -1,
      compactSnapshot: Map(0 -> Set(), 1 -> Set()),
      eventLog: Set(),
      everAppended: Set(),
      gateRunning: 0,
      indexCommitted: Set(),
      indexDisk: Set(),
      indexHolders: Set(),
      indexLocal: Map(0 -> Set(), 1 -> Set()),
      indexLockExists: false,
      indexOwnsLock: Map(0 -> false, 1 -> false),
      indexRetries: Map(0 -> 0, 1 -> 0),
      natsLockExists: false,
      natsMemToken: Map(0 -> -1, 1 -> -1),
      natsOwnerDisk: -1,
      natsReleaseDenied: Set(),
      natsTakers: Set(),
      natsTrueHolder: -1,
      natsUnauthorizedReleases: Set(),
      natsWaited: Map(0 -> false, 1 -> false),
      phase: Map(0 -> CheckedSeq, 1 -> InSeq),
      renameFailures: Set(),
      seqDisk: 0,
      seqHolders: Set(1),
      seqLocal: Map(0 -> 0, 1 -> 0),
      seqLockExists: true,
      seqRetries: Map(0 -> 0, 1 -> 0),
      seqTmpPresent: false,
      seqTmpValue: 0,
      seqTmpWriter: -1,
      vendorRunning: Map(0 -> 0, 1 -> 0, 2 -> 0, 3 -> 0)
    }
}

[State 6]
{
  toctou::locking::s:
    {
      acquiredAfterSpin: false,
      attemptCompleted: Set(),
      attemptDisk: 0,
      attemptHolders: Set(),
      attemptLocal: Map(0 -> 0, 1 -> 0),
      attemptLockExists: false,
      attemptRetries: Map(0 -> 0, 1 -> 0),
      attemptTmpPresent: false,
      attemptTmpValue: 0,
      attemptTmpWriter: -1,
      compactSnapshot: Map(0 -> Set(), 1 -> Set()),
      eventLog: Set(),
      everAppended: Set(),
      gateRunning: 1,
      indexCommitted: Set(),
      indexDisk: Set(),
      indexHolders: Set(),
      indexLocal: Map(0 -> Set(), 1 -> Set()),
      indexLockExists: false,
      indexOwnsLock: Map(0 -> false, 1 -> false),
      indexRetries: Map(0 -> 0, 1 -> 0),
      natsLockExists: false,
      natsMemToken: Map(0 -> -1, 1 -> -1),
      natsOwnerDisk: -1,
      natsReleaseDenied: Set(),
      natsTakers: Set(),
      natsTrueHolder: -1,
      natsUnauthorizedReleases: Set(),
      natsWaited: Map(0 -> false, 1 -> false),
      phase: Map(0 -> CheckedSeq, 1 -> InSeq),
      renameFailures: Set(),
      seqDisk: 0,
      seqHolders: Set(1),
      seqLocal: Map(0 -> 0, 1 -> 0),
      seqLockExists: true,
      seqRetries: Map(0 -> 0, 1 -> 0),
      seqTmpPresent: false,
      seqTmpValue: 0,
      seqTmpWriter: -1,
      vendorRunning: Map(0 -> 0, 1 -> 0, 2 -> 0, 3 -> 0)
    }
}

[State 7]
{
  toctou::locking::s:
    {
      acquiredAfterSpin: false,
      attemptCompleted: Set(),
      attemptDisk: 0,
      attemptHolders: Set(),
      attemptLocal: Map(0 -> 0, 1 -> 0),
      attemptLockExists: false,
      attemptRetries: Map(0 -> 0, 1 -> 0),
      attemptTmpPresent: false,
      attemptTmpValue: 0,
      attemptTmpWriter: -1,
      compactSnapshot: Map(0 -> Set(), 1 -> Set()),
      eventLog: Set(),
      everAppended: Set(),
      gateRunning: 1,
      indexCommitted: Set(),
      indexDisk: Set(),
      indexHolders: Set(),
      indexLocal: Map(0 -> Set(), 1 -> Set()),
      indexLockExists: false,
      indexOwnsLock: Map(0 -> false, 1 -> false),
      indexRetries: Map(0 -> 0, 1 -> 0),
      natsLockExists: false,
      natsMemToken: Map(0 -> -1, 1 -> -1),
      natsOwnerDisk: -1,
      natsReleaseDenied: Set(),
      natsTakers: Set(),
      natsTrueHolder: -1,
      natsUnauthorizedReleases: Set(),
      natsWaited: Map(0 -> false, 1 -> false),
      phase: Map(0 -> InSeq, 1 -> InSeq),
      renameFailures: Set(),
      seqDisk: 0,
      seqHolders: Set(0, 1),
      seqLocal: Map(0 -> 0, 1 -> 0),
      seqLockExists: true,
      seqRetries: Map(0 -> 0, 1 -> 0),
      seqTmpPresent: false,
      seqTmpValue: 0,
      seqTmpWriter: -1,
      vendorRunning: Map(0 -> 0, 1 -> 0, 2 -> 0, 3 -> 0)
    }
}

[violation] Found an issue (57ms at 1246 traces/second).
Use --verbosity=3 to show executions.
Use --seed=0x583969e3eafa888b --backend=rust to reproduce.
error: Invariant violated
