An example execution:

[State 0]
{
  atomic::locking::s:
    {
      acquiredAfterSpin: false,
      attemptCompleted: Set(),
      attemptDisk: 0,
      attemptHolders: Set(),
      attemptLocal: Map(0 -> 0, 1 -> 0),
      attemptLockExists: false,
      attemptRetries: Map(0 -> 0, 1 -> 0),
      attemptTmpPresent: false,
      attemptTmpValue: 0,
      attemptTmpWriter: -1,
      compactSnapshot: Map(0 -> Set(), 1 -> Set()),
      eventLog: Set(),
      everAppended: Set(),
      gateRunning: 0,
      indexCommitted: Set(),
      indexDisk: Set(),
      indexHolders: Set(),
      indexLocal: Map(0 -> Set(), 1 -> Set()),
      indexLockExists: false,
      indexOwnsLock: Map(0 -> false, 1 -> false),
      indexRetries: Map(0 -> 0, 1 -> 0),
      natsLockExists: false,
      natsMemToken: Map(0 -> -1, 1 -> -1),
      natsOwnerDisk: -1,
      natsReleaseDenied: Set(),
      natsTakers: Set(),
      natsTrueHolder: -1,
      natsUnauthorizedReleases: Set(),
      natsWaited: Map(0 -> false, 1 -> false),
      phase: Map(0 -> Idle, 1 -> Idle),
      renameFailures: Set(),
      seqDisk: 0,
      seqHolders: Set(),
      seqLocal: Map(0 -> 0, 1 -> 0),
      seqLockExists: false,
      seqRetries: Map(0 -> 0, 1 -> 0),
      seqTmpPresent: false,
      seqTmpValue: 0,
      seqTmpWriter: -1,
      vendorRunning: Map(0 -> 0, 1 -> 0, 2 -> 0, 3 -> 0)
    }
}

[State 1]
{
  atomic::locking::s:
    {
      acquiredAfterSpin: false,
      attemptCompleted: Set(),
      attemptDisk: 0,
      attemptHolders: Set(),
      attemptLocal: Map(0 -> 0, 1 -> 0),
      attemptLockExists: false,
      attemptRetries: Map(0 -> 0, 1 -> 0),
      attemptTmpPresent: false,
      attemptTmpValue: 0,
      attemptTmpWriter: -1,
      compactSnapshot: Map(0 -> Set(), 1 -> Set()),
      eventLog: Set(),
      everAppended: Set(),
      gateRunning: 0,
      indexCommitted: Set(),
      indexDisk: Set(),
      indexHolders: Set(),
      indexLocal: Map(0 -> Set(), 1 -> Set()),
      indexLockExists: false,
      indexOwnsLock: Map(0 -> false, 1 -> false),
      indexRetries: Map(0 -> 0, 1 -> 0),
      natsLockExists: false,
      natsMemToken: Map(0 -> -1, 1 -> -1),
      natsOwnerDisk: -1,
      natsReleaseDenied: Set(),
      natsTakers: Set(),
      natsTrueHolder: -1,
      natsUnauthorizedReleases: Set(),
      natsWaited: Map(0 -> false, 1 -> false),
      phase: Map(0 -> WantCompact, 1 -> Idle),
      renameFailures: Set(),
      seqDisk: 0,
      seqHolders: Set(),
      seqLocal: Map(0 -> 0, 1 -> 0),
      seqLockExists: false,
      seqRetries: Map(0 -> 0, 1 -> 0),
      seqTmpPresent: false,
      seqTmpValue: 0,
      seqTmpWriter: -1,
      vendorRunning: Map(0 -> 0, 1 -> 0, 2 -> 0, 3 -> 0)
    }
}

[State 2]
{
  atomic::locking::s:
    {
      acquiredAfterSpin: false,
      attemptCompleted: Set(),
      attemptDisk: 0,
      attemptHolders: Set(),
      attemptLocal: Map(0 -> 0, 1 -> 0),
      attemptLockExists: false,
      attemptRetries: Map(0 -> 0, 1 -> 0),
      attemptTmpPresent: false,
      attemptTmpValue: 0,
      attemptTmpWriter: -1,
      compactSnapshot: Map(0 -> Set(), 1 -> Set()),
      eventLog: Set(),
      everAppended: Set(),
      gateRunning: 1,
      indexCommitted: Set(),
      indexDisk: Set(),
      indexHolders: Set(),
      indexLocal: Map(0 -> Set(), 1 -> Set()),
      indexLockExists: false,
      indexOwnsLock: Map(0 -> false, 1 -> false),
      indexRetries: Map(0 -> 0, 1 -> 0),
      natsLockExists: false,
      natsMemToken: Map(0 -> -1, 1 -> -1),
      natsOwnerDisk: -1,
      natsReleaseDenied: Set(),
      natsTakers: Set(),
      natsTrueHolder: -1,
      natsUnauthorizedReleases: Set(),
      natsWaited: Map(0 -> false, 1 -> false),
      phase: Map(0 -> WantCompact, 1 -> Idle),
      renameFailures: Set(),
      seqDisk: 0,
      seqHolders: Set(),
      seqLocal: Map(0 -> 0, 1 -> 0),
      seqLockExists: false,
      seqRetries: Map(0 -> 0, 1 -> 0),
      seqTmpPresent: false,
      seqTmpValue: 0,
      seqTmpWriter: -1,
      vendorRunning: Map(0 -> 0, 1 -> 0, 2 -> 0, 3 -> 0)
    }
}

[State 3]
{
  atomic::locking::s:
    {
      acquiredAfterSpin: false,
      attemptCompleted: Set(),
      attemptDisk: 0,
      attemptHolders: Set(),
      attemptLocal: Map(0 -> 0, 1 -> 0),
      attemptLockExists: false,
      attemptRetries: Map(0 -> 0, 1 -> 0),
      attemptTmpPresent: false,
      attemptTmpValue: 0,
      attemptTmpWriter: -1,
      compactSnapshot: Map(0 -> Set(), 1 -> Set()),
      eventLog: Set(),
      everAppended: Set(),
      gateRunning: 0,
      indexCommitted: Set(),
      indexDisk: Set(),
      indexHolders: Set(),
      indexLocal: Map(0 -> Set(), 1 -> Set()),
      indexLockExists: false,
      indexOwnsLock: Map(0 -> false, 1 -> false),
      indexRetries: Map(0 -> 0, 1 -> 0),
      natsLockExists: false,
      natsMemToken: Map(0 -> -1, 1 -> -1),
      natsOwnerDisk: -1,
      natsReleaseDenied: Set(),
      natsTakers: Set(),
      natsTrueHolder: -1,
      natsUnauthorizedReleases: Set(),
      natsWaited: Map(0 -> false, 1 -> false),
      phase: Map(0 -> WantCompact, 1 -> Idle),
      renameFailures: Set(),
      seqDisk: 0,
      seqHolders: Set(),
      seqLocal: Map(0 -> 0, 1 -> 0),
      seqLockExists: false,
      seqRetries: Map(0 -> 0, 1 -> 0),
      seqTmpPresent: false,
      seqTmpValue: 0,
      seqTmpWriter: -1,
      vendorRunning: Map(0 -> 0, 1 -> 0, 2 -> 0, 3 -> 0)
    }
}

[State 4]
{
  atomic::locking::s:
    {
      acquiredAfterSpin: false,
      attemptCompleted: Set(),
      attemptDisk: 0,
      attemptHolders: Set(),
      attemptLocal: Map(0 -> 0, 1 -> 0),
      attemptLockExists: false,
      attemptRetries: Map(0 -> 0, 1 -> 0),
      attemptTmpPresent: false,
      attemptTmpValue: 0,
      attemptTmpWriter: -1,
      compactSnapshot: Map(0 -> Set(), 1 -> Set()),
      eventLog: Set(),
      everAppended: Set(),
      gateRunning: 0,
      indexCommitted: Set(),
      indexDisk: Set(),
      indexHolders: Set(),
      indexLocal: Map(0 -> Set(), 1 -> Set()),
      indexLockExists: false,
      indexOwnsLock: Map(0 -> false, 1 -> false),
      indexRetries: Map(0 -> 0, 1 -> 0),
      natsLockExists: false,
      natsMemToken: Map(0 -> -1, 1 -> -1),
      natsOwnerDisk: -1,
      natsReleaseDenied: Set(),
      natsTakers: Set(),
      natsTrueHolder: -1,
      natsUnauthorizedReleases: Set(),
      natsWaited: Map(0 -> false, 1 -> false),
      phase: Map(0 -> InCompact, 1 -> Idle),
      renameFailures: Set(),
      seqDisk: 0,
      seqHolders: Set(0),
      seqLocal: Map(0 -> 0, 1 -> 0),
      seqLockExists: true,
      seqRetries: Map(0 -> 0, 1 -> 0),
      seqTmpPresent: false,
      seqTmpValue: 0,
      seqTmpWriter: -1,
      vendorRunning: Map(0 -> 0, 1 -> 0, 2 -> 0, 3 -> 0)
    }
}

[State 5]
{
  atomic::locking::s:
    {
      acquiredAfterSpin: false,
      attemptCompleted: Set(),
      attemptDisk: 0,
      attemptHolders: Set(),
      attemptLocal: Map(0 -> 0, 1 -> 0),
      attemptLockExists: false,
      attemptRetries: Map(0 -> 0, 1 -> 0),
      attemptTmpPresent: false,
      attemptTmpValue: 0,
      attemptTmpWriter: -1,
      compactSnapshot: Map(0 -> Set(), 1 -> Set()),
      eventLog: Set(),
      everAppended: Set(),
      gateRunning: 0,
      indexCommitted: Set(),
      indexDisk: Set(),
      indexHolders: Set(),
      indexLocal: Map(0 -> Set(), 1 -> Set()),
      indexLockExists: false,
      indexOwnsLock: Map(0 -> false, 1 -> false),
      indexRetries: Map(0 -> 0, 1 -> 0),
      natsLockExists: false,
      natsMemToken: Map(0 -> -1, 1 -> -1),
      natsOwnerDisk: -1,
      natsReleaseDenied: Set(),
      natsTakers: Set(),
      natsTrueHolder: -1,
      natsUnauthorizedReleases: Set(),
      natsWaited: Map(0 -> false, 1 -> false),
      phase: Map(0 -> InCompact, 1 -> Idle),
      renameFailures: Set(),
      seqDisk: 0,
      seqHolders: Set(0),
      seqLocal: Map(0 -> 0, 1 -> 0),
      seqLockExists: true,
      seqRetries: Map(0 -> 0, 1 -> 0),
      seqTmpPresent: false,
      seqTmpValue: 0,
      seqTmpWriter: -1,
      vendorRunning: Map(0 -> 0, 1 -> 1, 2 -> 0, 3 -> 0)
    }
}

[State 6]
{
  atomic::locking::s:
    {
      acquiredAfterSpin: false,
      attemptCompleted: Set(),
      attemptDisk: 0,
      attemptHolders: Set(),
      attemptLocal: Map(0 -> 0, 1 -> 0),
      attemptLockExists: false,
      attemptRetries: Map(0 -> 0, 1 -> 0),
      attemptTmpPresent: false,
      attemptTmpValue: 0,
      attemptTmpWriter: -1,
      compactSnapshot: Map(0 -> Set(), 1 -> Set()),
      eventLog: Set(),
      everAppended: Set(),
      gateRunning: 0,
      indexCommitted: Set(),
      indexDisk: Set(),
      indexHolders: Set(),
      indexLocal: Map(0 -> Set(), 1 -> Set()),
      indexLockExists: false,
      indexOwnsLock: Map(0 -> false, 1 -> false),
      indexRetries: Map(0 -> 0, 1 -> 0),
      natsLockExists: false,
      natsMemToken: Map(0 -> -1, 1 -> -1),
      natsOwnerDisk: -1,
      natsReleaseDenied: Set(),
      natsTakers: Set(),
      natsTrueHolder: -1,
      natsUnauthorizedReleases: Set(),
      natsWaited: Map(0 -> false, 1 -> false),
      phase: Map(0 -> InCompact, 1 -> WantCompact),
      renameFailures: Set(),
      seqDisk: 0,
      seqHolders: Set(0),
      seqLocal: Map(0 -> 0, 1 -> 0),
      seqLockExists: true,
      seqRetries: Map(0 -> 0, 1 -> 0),
      seqTmpPresent: false,
      seqTmpValue: 0,
      seqTmpWriter: -1,
      vendorRunning: Map(0 -> 0, 1 -> 1, 2 -> 0, 3 -> 0)
    }
}

[State 7]
{
  atomic::locking::s:
    {
      acquiredAfterSpin: false,
      attemptCompleted: Set(),
      attemptDisk: 0,
      attemptHolders: Set(),
      attemptLocal: Map(0 -> 0, 1 -> 0),
      attemptLockExists: false,
      attemptRetries: Map(0 -> 0, 1 -> 0),
      attemptTmpPresent: false,
      attemptTmpValue: 0,
      attemptTmpWriter: -1,
      compactSnapshot: Map(0 -> Set(), 1 -> Set()),
      eventLog: Set(),
      everAppended: Set(),
      gateRunning: 0,
      indexCommitted: Set(),
      indexDisk: Set(),
      indexHolders: Set(),
      indexLocal: Map(0 -> Set(), 1 -> Set()),
      indexLockExists: false,
      indexOwnsLock: Map(0 -> false, 1 -> false),
      indexRetries: Map(0 -> 0, 1 -> 0),
      natsLockExists: false,
      natsMemToken: Map(0 -> -1, 1 -> -1),
      natsOwnerDisk: -1,
      natsReleaseDenied: Set(),
      natsTakers: Set(),
      natsTrueHolder: -1,
      natsUnauthorizedReleases: Set(),
      natsWaited: Map(0 -> false, 1 -> false),
      phase: Map(0 -> InCompact, 1 -> WantCompact),
      renameFailures: Set(),
      seqDisk: 0,
      seqHolders: Set(0),
      seqLocal: Map(0 -> 0, 1 -> 0),
      seqLockExists: true,
      seqRetries: Map(0 -> 0, 1 -> 0),
      seqTmpPresent: false,
      seqTmpValue: 0,
      seqTmpWriter: -1,
      vendorRunning: Map(0 -> 0, 1 -> 1, 2 -> 0, 3 -> 1)
    }
}

[State 8]
{
  atomic::locking::s:
    {
      acquiredAfterSpin: false,
      attemptCompleted: Set(),
      attemptDisk: 0,
      attemptHolders: Set(),
      attemptLocal: Map(0 -> 0, 1 -> 0),
      attemptLockExists: false,
      attemptRetries: Map(0 -> 0, 1 -> 0),
      attemptTmpPresent: false,
      attemptTmpValue: 0,
      attemptTmpWriter: -1,
      compactSnapshot: Map(0 -> Set(), 1 -> Set()),
      eventLog: Set(),
      everAppended: Set(),
      gateRunning: 0,
      indexCommitted: Set(),
      indexDisk: Set(),
      indexHolders: Set(),
      indexLocal: Map(0 -> Set(), 1 -> Set()),
      indexLockExists: false,
      indexOwnsLock: Map(0 -> false, 1 -> false),
      indexRetries: Map(0 -> 0, 1 -> 0),
      natsLockExists: false,
      natsMemToken: Map(0 -> -1, 1 -> -1),
      natsOwnerDisk: -1,
      natsReleaseDenied: Set(),
      natsTakers: Set(),
      natsTrueHolder: -1,
      natsUnauthorizedReleases: Set(),
      natsWaited: Map(0 -> false, 1 -> false),
      phase: Map(0 -> CompactRead, 1 -> WantCompact),
      renameFailures: Set(),
      seqDisk: 0,
      seqHolders: Set(0),
      seqLocal: Map(0 -> 0, 1 -> 0),
      seqLockExists: true,
      seqRetries: Map(0 -> 0, 1 -> 0),
      seqTmpPresent: false,
      seqTmpValue: 0,
      seqTmpWriter: -1,
      vendorRunning: Map(0 -> 0, 1 -> 1, 2 -> 0, 3 -> 1)
    }
}

[State 9]
{
  atomic::locking::s:
    {
      acquiredAfterSpin: false,
      attemptCompleted: Set(),
      attemptDisk: 0,
      attemptHolders: Set(),
      attemptLocal: Map(0 -> 0, 1 -> 0),
      attemptLockExists: false,
      attemptRetries: Map(0 -> 0, 1 -> 0),
      attemptTmpPresent: false,
      attemptTmpValue: 0,
      attemptTmpWriter: -1,
      compactSnapshot: Map(0 -> Set(), 1 -> Set()),
      eventLog: Set(),
      everAppended: Set(),
      gateRunning: 0,
      indexCommitted: Set(),
      indexDisk: Set(),
      indexHolders: Set(),
      indexLocal: Map(0 -> Set(), 1 -> Set()),
      indexLockExists: false,
      indexOwnsLock: Map(0 -> false, 1 -> false),
      indexRetries: Map(0 -> 0, 1 -> 0),
      natsLockExists: false,
      natsMemToken: Map(0 -> -1, 1 -> -1),
      natsOwnerDisk: -1,
      natsReleaseDenied: Set(),
      natsTakers: Set(),
      natsTrueHolder: -1,
      natsUnauthorizedReleases: Set(),
      natsWaited: Map(0 -> false, 1 -> false),
      phase: Map(0 -> CompactRead, 1 -> WantCompact),
      renameFailures: Set(),
      seqDisk: 0,
      seqHolders: Set(0),
      seqLocal: Map(0 -> 0, 1 -> 0),
      seqLockExists: true,
      seqRetries: Map(0 -> 0, 1 -> 0),
      seqTmpPresent: false,
      seqTmpValue: 0,
      seqTmpWriter: -1,
      vendorRunning: Map(0 -> 1, 1 -> 1, 2 -> 0, 3 -> 1)
    }
}

[State 10]
{
  atomic::locking::s:
    {
      acquiredAfterSpin: false,
      attemptCompleted: Set(),
      attemptDisk: 0,
      attemptHolders: Set(),
      attemptLocal: Map(0 -> 0, 1 -> 0),
      attemptLockExists: false,
      attemptRetries: Map(0 -> 0, 1 -> 0),
      attemptTmpPresent: false,
      attemptTmpValue: 0,
      attemptTmpWriter: -1,
      compactSnapshot: Map(0 -> Set(), 1 -> Set()),
      eventLog: Set(),
      everAppended: Set(),
      gateRunning: 0,
      indexCommitted: Set(),
      indexDisk: Set(),
      indexHolders: Set(),
      indexLocal: Map(0 -> Set(), 1 -> Set()),
      indexLockExists: false,
      indexOwnsLock: Map(0 -> false, 1 -> false),
      indexRetries: Map(0 -> 0, 1 -> 0),
      natsLockExists: false,
      natsMemToken: Map(0 -> -1, 1 -> -1),
      natsOwnerDisk: -1,
      natsReleaseDenied: Set(),
      natsTakers: Set(),
      natsTrueHolder: -1,
      natsUnauthorizedReleases: Set(),
      natsWaited: Map(0 -> false, 1 -> false),
      phase: Map(0 -> CompactRead, 1 -> WantCompact),
      renameFailures: Set(),
      seqDisk: 0,
      seqHolders: Set(0),
      seqLocal: Map(0 -> 0, 1 -> 0),
      seqLockExists: true,
      seqRetries: Map(0 -> 0, 1 -> 1),
      seqTmpPresent: false,
      seqTmpValue: 0,
      seqTmpWriter: -1,
      vendorRunning: Map(0 -> 1, 1 -> 1, 2 -> 0, 3 -> 1)
    }
}

[ok] No violation found (64ms at 3125 traces/second).
Trace length statistics: max=11, min=11, average=11.00
You may increase --max-samples and --max-steps.
Use --verbosity to produce more (or less) output.
Use --seed=0xb4a25350b5a8022c --backend=rust to reproduce.
